
                                       
    Iterative Deconvolution Started   
***************************************

The number of threads
  # Total    :      18
  # Thread   :       5
  # Thread   :       6
  # Thread   :       4
  # Thread   :      13
  # Thread   :       7
  # Thread   :      15
  # Thread   :       9
  # Thread   :      10
  # Thread   :       1
  # Thread   :      12
  # Thread   :       2
  # Thread   :      11
  # Thread   :       0
  # Thread   :      16
  # Thread   :      14
  # Thread   :       3
  # Thread   :       8
  # Thread   :      17
The number of entries
  # Target   :    4001
  # Unit     :    1561
  # 1/2 Unit :     780
  # All      :    7123
Have memorized arrays 1 times
Multiplied alpha by    0.9500
loop:         2, alpha:   57.0000, rms:  384.8400
Multiplied alpha by    0.9500
loop:         5, alpha:   54.1500, rms:  308.8963
loop:        10, alpha:   54.1500, rms:  225.7401
Multiplied alpha by    0.9500
loop:        12, alpha:   51.4425, rms:  205.3217
loop:        20, alpha:   51.4425, rms:  104.6104
loop:        30, alpha:   51.4425, rms:   48.4669
loop:        40, alpha:   51.4425, rms:   30.2685
loop:        50, alpha:   51.4425, rms:   22.3857
loop:        60, alpha:   51.4425, rms:   17.1232
loop:        70, alpha:   51.4425, rms:   13.2217
loop:        80, alpha:   51.4425, rms:   10.3309
loop:        90, alpha:   51.4425, rms:    8.2775
Have memorized arrays 2 times
loop:       100, alpha:   51.4425, rms:    6.9214
loop:       110, alpha:   51.4425, rms:    6.1153
loop:       120, alpha:   51.4425, rms:    5.7081
loop:       130, alpha:   51.4425, rms:    5.4397
loop:       140, alpha:   51.4425, rms:    5.2073
loop:       150, alpha:   51.4425, rms:    4.9999
loop:       160, alpha:   51.4425, rms:    4.8131
loop:       170, alpha:   51.4425, rms:    4.6435
loop:       180, alpha:   51.4425, rms:    4.4890
loop:       190, alpha:   51.4425, rms:    4.3473
Have memorized arrays 3 times
loop:       200, alpha:   51.4425, rms:    4.2171
loop:       210, alpha:   51.4425, rms:    4.0968
loop:       220, alpha:   51.4425, rms:    3.9855
loop:       230, alpha:   51.4425, rms:    3.8822
loop:       240, alpha:   51.4425, rms:    3.7861
loop:       250, alpha:   51.4425, rms:    3.6964
loop:       260, alpha:   51.4425, rms:    3.6127
loop:       270, alpha:   51.4425, rms:    3.5342
loop:       280, alpha:   51.4425, rms:    3.4607
loop:       290, alpha:   51.4425, rms:    3.3916
Have memorized arrays 4 times
loop:       300, alpha:   51.4425, rms:    3.3265
loop:       310, alpha:   51.4425, rms:    3.2652
loop:       320, alpha:   51.4425, rms:    3.2073
loop:       330, alpha:   51.4425, rms:    3.1526
loop:       340, alpha:   51.4425, rms:    3.1008
loop:       350, alpha:   51.4425, rms:    3.0517
loop:       360, alpha:   51.4425, rms:    3.0051
loop:       370, alpha:   51.4425, rms:    2.9607
loop:       380, alpha:   51.4425, rms:    2.9185
loop:       390, alpha:   51.4425, rms:    2.8783
Have memorized arrays 5 times
loop:       400, alpha:   51.4425, rms:    2.8400
loop:       410, alpha:   51.4425, rms:    2.8033
loop:       420, alpha:   51.4425, rms:    2.7683
loop:       430, alpha:   51.4425, rms:    2.7347
loop:       440, alpha:   51.4425, rms:    2.7026
loop:       450, alpha:   51.4425, rms:    2.6717
loop:       460, alpha:   51.4425, rms:    2.6421
loop:       470, alpha:   51.4425, rms:    2.6136
loop:       480, alpha:   51.4425, rms:    2.5861
loop:       490, alpha:   51.4425, rms:    2.5597
Have memorized arrays 6 times
loop:       500, alpha:   51.4425, rms:    2.5342
loop:       510, alpha:   51.4425, rms:    2.5096
loop:       520, alpha:   51.4425, rms:    2.4858
loop:       530, alpha:   51.4425, rms:    2.4629
loop:       540, alpha:   51.4425, rms:    2.4406
loop:       550, alpha:   51.4425, rms:    2.4191
loop:       560, alpha:   51.4425, rms:    2.3982
loop:       570, alpha:   51.4425, rms:    2.3780
loop:       580, alpha:   51.4425, rms:    2.3583
loop:       590, alpha:   51.4425, rms:    2.3393
Have memorized arrays 7 times
loop:       600, alpha:   51.4425, rms:    2.3207
loop:       610, alpha:   51.4425, rms:    2.3027
loop:       620, alpha:   51.4425, rms:    2.2851
loop:       630, alpha:   51.4425, rms:    2.2680
loop:       640, alpha:   51.4425, rms:    2.2513
loop:       650, alpha:   51.4425, rms:    2.2351
loop:       660, alpha:   51.4425, rms:    2.2192
loop:       670, alpha:   51.4425, rms:    2.2038
loop:       680, alpha:   51.4425, rms:    2.1886
loop:       690, alpha:   51.4425, rms:    2.1739
Have memorized arrays 8 times
loop:       700, alpha:   51.4425, rms:    2.1594
loop:       710, alpha:   51.4425, rms:    2.1453
loop:       720, alpha:   51.4425, rms:    2.1315
loop:       730, alpha:   51.4425, rms:    2.1180
loop:       740, alpha:   51.4425, rms:    2.1047
loop:       750, alpha:   51.4425, rms:    2.0917
loop:       760, alpha:   51.4425, rms:    2.0790
loop:       770, alpha:   51.4425, rms:    2.0665
loop:       780, alpha:   51.4425, rms:    2.0543
loop:       790, alpha:   51.4425, rms:    2.0423
Have memorized arrays 9 times
loop:       800, alpha:   51.4425, rms:    2.0305
loop:       810, alpha:   51.4425, rms:    2.0189
loop:       820, alpha:   51.4425, rms:    2.0075
loop:       830, alpha:   51.4425, rms:    1.9963
loop:       840, alpha:   51.4425, rms:    1.9852
loop:       850, alpha:   51.4425, rms:    1.9744
loop:       860, alpha:   51.4425, rms:    1.9637
loop:       870, alpha:   51.4425, rms:    1.9532
loop:       880, alpha:   51.4425, rms:    1.9429
loop:       890, alpha:   51.4425, rms:    1.9327
Have memorized arrays 10 times
loop:       900, alpha:   51.4425, rms:    1.9227
loop:       910, alpha:   51.4425, rms:    1.9128
loop:       920, alpha:   51.4425, rms:    1.9030
loop:       930, alpha:   51.4425, rms:    1.8934
loop:       940, alpha:   51.4425, rms:    1.8839
loop:       950, alpha:   51.4425, rms:    1.8746
loop:       960, alpha:   51.4425, rms:    1.8654
loop:       970, alpha:   51.4425, rms:    1.8562
loop:       980, alpha:   51.4425, rms:    1.8473
loop:       990, alpha:   51.4425, rms:    1.8384
Have memorized arrays 11 times
loop:      1000, alpha:   51.4425, rms:    1.8296
Reached the maximum number of loops

Done.
loop:      1001, alpha:   51.4425, rms:    1.8288
filepath:
 ./files/outputRB/20190104115909_all.txt
filepath:
 ./files/outputRB/20190104115909_extraction.txt
OpenMP Computation time:    3.5272 sec.
